test/phase2/test/test_2_r08.out
Program (1)
  ExtDefList (1)
    ExtDef (1)
      Specifier (1)
        TYPE: int
      FunDec (1)
        ID: test1
        LP
        RP
      CompSt (2)
        LC
        StmtList (3)
          Stmt (3)
            RETURN
            Exp (3)
              INT: 1
            SEMI
        RC
    ExtDefList (6)
      ExtDef (6)
        Specifier (6)
          TYPE: float
        FunDec (6)
          ID: test2
          LP
          RP
        CompSt (7)
          LC
          StmtList (8)
            Stmt (8)
              RETURN
              Exp (8)
                FLOAT: 1.000000
              SEMI
          RC
      ExtDefList (11)
        ExtDef (11)
          Specifier (11)
            TYPE: int
          FunDec (11)
            ID: test_2_r08
            LP
            VarList (11)
              ParamDec (11)
                Specifier (11)
                  TYPE: int
                VarDec (11)
                  ID: a
              COMMA
              VarList (11)
                ParamDec (11)
                  Specifier (11)
                    TYPE: int
                  VarDec (11)
                    ID: b
            RP
          CompSt (12)
            LC
            StmtList (13)
              Stmt (13)
                IF
                LP
                Exp (13)
                  Exp (13)
                    ID: a
                  GT
                  Exp (13)
                    ID: b
                RP
                Stmt (14)
                  CompSt (14)
                    LC
                    StmtList (15)
                      Stmt (15)
                        RETURN
                        Exp (15)
                          ID: test1
                          LP
                          RP
                        SEMI
                    RC
                ELSE
                Stmt (18)
                  CompSt (18)
                    LC
                    StmtList (19)
                      Stmt (19)
                        RETURN
                        Exp (19)
                          ID: test2
                          LP
                          RP
                        SEMI
                    RC
            RC
Error type 8 at Line 19: a function's return value type mismatches the declared type 
