test/phase2/test/test_2_r03.out
Error type 3 at Line 4: a variable is redefined in the same scope "weight".
Error type 3 at Line 10: a variable is redefined in the same scope "age".
