test/phase2/test/test_2_r11.out
Error type 11 at Line 5: "abc" is not a function.
