test/phase2/test/test_2_r01.out
Error type 1 at Line 3: undefined variable "z".
Error type 1 at Line 9: undefined variable "a".
Error type 3 at Line 10: a variable is redefined in the same scope "b".
Error type 9 at Line 10: the function "sum" is not applicable for arguments.
