Error type A at Line 1: unknown lexeme 
Error type B at Line 1: Missing semicolon ';' LOC2
Error type A at Line 2: unknown lexeme 
Error type A at Line 3: unknown lexeme 
Error type A at Line 4: unknown lexeme '\xr0'
Error type A at Line 4: unknown lexeme 
Error type A at Line 5: unknown lexeme 2_A
Error type A at Line 5: unknown lexeme 
HEX_INT: 255
Error type A at Line 6: unknown lexeme 
HEX_INT: 144470
Error type A at Line 7: unknown lexeme 
HEX_INT: 0
Error type A at Line 8: unknown lexeme 
Error type A at Line 9: unknown lexeme 
Error type A at Line 10: unknown lexeme 
Error type A at Line 11: unknown lexeme 
Error type A at Line 12: unknown lexeme 
Error type A at Line 13: unknown lexeme 
Error type A at Line 14: unknown lexeme 
Error type A at Line 15: unknown lexeme 
Error type A at Line 16: unknown lexeme 
Error type A at Line 17: unknown lexeme 
Error type A at Line 18: unknown lexeme 
Error type A at Line 19: unknown lexeme 
Error type A at Line 20: unknown lexeme 
