Error type A at Line 1: unknown lexeme 
Error type B at Line 1: Missing semicolon ';' LOC2
Error type A at Line 2: unknown lexeme 
Error type B at Line 2: Missing semicolon ';' LOC2
Error type B at Line 3: Missing semicolon ';' LOC2
Error type B at Line 1: Missing semicolon ';' LOC2
Error type A at Line 3: unknown lexeme 
Error type A at Line 4: unknown lexeme 
Error type A at Line 5: unknown lexeme 
Error type A at Line 6: unknown lexeme 
