Error type B at Line 1: Missing semicolon ';'
Error type B at Line 4: Missing semicolon ';'
Error type B at Line 5: Missing semicolon ';'
Error type B at Line 11: Missing semicolon ';'
Error type B at Line 12: Missing semicolon ';'
Error type B at Line 29: Missing semicolon ';'
Error type B at Line 37: Missing semicolon ';'
Error type B at Line 53: Missing semicolon ';'
Error type B at Line 55: Missing semicolon ';'
Error type B at Line 59: Missing semicolon ';'
