Error type B at Line 1: Missing semicolon ';'
Error type A at Line 4: unknown lexeme 1_digit
Error type A at Line 9: unknown lexeme 1_digit
