Error type B at Line 3: Missing semicolon ';'
Error type B at Line 5: Missing semicolon ';'
Error type B at Line 1: Missing semicolon ';' LOC3
Error type B at Line 8: Missing closing parenthesis ')'
Error type B at Line 10: Missing semicolon ';'
Error type B at Line 12: Missing closing parenthesis ')'
Error type B at Line 12: Missing semicolon ';'
Error type B at Line 8: Missing semicolon ';' LOC2
Error type B at Line 13: Missing semicolon ';' LOC1
