test/phase2/test/test_2_r12.out
Program (1)
  ExtDefList (1)
    ExtDef (1)
      Specifier (1)
        TYPE: int
      FunDec (1)
        ID: test_2_r12
        LP
        RP
      CompSt (2)
        LC
        DefList (3)
          Def (3)
            Specifier (3)
              TYPE: int
            DecList (3)
              Dec (3)
                VarDec (3)
                  VarDec (3)
                    ID: a
                  LB
                  INT: 3
                  RB
            SEMI
          DefList (4)
            Def (4)
              Specifier (4)
                TYPE: float
              DecList (4)
                Dec (4)
                  VarDec (4)
                    VarDec (4)
                      ID: b
                    LB
                    INT: 4
                    RB
              SEMI
        StmtList (5)
          Stmt (5)
            Exp (5)
              Exp (5)
                Exp (5)
                  ID: a
                LB
                Exp (5)
                  INT: 0
                RB
              ASSIGN
              Exp (5)
                Exp (5)
                  ID: a
                LB
                Exp (5)
                  Exp (5)
                    ID: a
                  LB
                  Exp (5)
                    INT: 2
                  RB
                RB
            SEMI
          StmtList (6)
            Stmt (6)
              Exp (6)
                Exp (6)
                  Exp (6)
                    ID: b
                  LB
                  Exp (6)
                    INT: 0
                  RB
                ASSIGN
                Exp (6)
                  Exp (6)
                    ID: b
                  LB
                  Exp (6)
                    Exp (6)
                      ID: a
                    LB
                    Exp (6)
                      INT: 1
                    RB
                  RB
              SEMI
            StmtList (7)
              Stmt (7)
                Exp (7)
                  Exp (7)
                    Exp (7)
                      ID: a
                    LB
                    Exp (7)
                      INT: 0
                    RB
                  ASSIGN
                  Exp (7)
                    Exp (7)
                      ID: a
                    LB
                    Exp (7)
                      Exp (7)
                        ID: b
                      LB
                      Exp (7)
                        INT: 0
                      RB
                    RB
                SEMI
              StmtList (8)
                Stmt (8)
                  RETURN
                  Exp (8)
                    INT: 0
                  SEMI
        RC
Error type 3 at Line 4: a variable is redefined in the same scope "b".
Error type 12 at Line 7: the type of operands of "[]" must be an integer.
