test/phase2/test/test_2_r07.out
Program (1)
  ExtDefList (1)
    ExtDef (1)
      Specifier (1)
        StructSpecifier (1)
          STRUCT
          ID: Apple
          LC
          DefList (3)
            Def (3)
              Specifier (3)
                TYPE: int
              DecList (3)
                Dec (3)
                  VarDec (3)
                    ID: weight
              SEMI
            DefList (4)
              Def (4)
                Specifier (4)
                  TYPE: float
                DecList (4)
                  Dec (4)
                    VarDec (4)
                      ID: round
                SEMI
          RC
      SEMI
    ExtDefList (6)
      ExtDef (6)
        Specifier (6)
          TYPE: int
        FunDec (6)
          ID: test_2_r05
          LP
          RP
        CompSt (7)
          LC
          DefList (8)
            Def (8)
              Specifier (8)
                TYPE: int
              DecList (8)
                Dec (8)
                  VarDec (8)
                    ID: w
              SEMI
            DefList (9)
              Def (9)
                Specifier (9)
                  TYPE: float
                DecList (9)
                  Dec (9)
                    VarDec (9)
                      ID: r
                    ASSIGN
                    Exp (9)
                      FLOAT: 2.500000
                SEMI
              DefList (10)
                Def (10)
                  Specifier (10)
                    StructSpecifier (10)
                      STRUCT
                      ID: Apple
                  DecList (10)
                    Dec (10)
                      VarDec (10)
                        ID: aa
                  SEMI
          StmtList (11)
            Stmt (11)
              Exp (11)
                Exp (11)
                  Exp (11)
                    ID: aa
                  DOT
                  ID: weight
                ASSIGN
                Exp (11)
                  Exp (11)
                    ID: w
                  PLUS
                  Exp (11)
                    FLOAT: 1.050000
              SEMI
            StmtList (12)
              Stmt (12)
                Exp (12)
                  Exp (12)
                    Exp (12)
                      ID: aa
                    DOT
                    ID: round
                  ASSIGN
                  Exp (12)
                    Exp (12)
                      ID: r
                    PLUS
                    Exp (12)
                      ID: aa
                SEMI
              StmtList (13)
                Stmt (13)
                  RETURN
                  Exp (13)
                    INT: 0
                  SEMI
          RC
Error type 3 at Line 4: a variable is redefined in the same scope "round".
Error type 3 at Line 9: a variable is redefined in the same scope "r".
Error type 15 at Line 10: redefine the same structure type "Apple".
Error type 15 at Line 10: redefine the same structure type "Apple".
Error type 3 at Line 10: a variable is redefined in the same scope "aa".
Error type 5 at Line 12: unmatching types appear at both sides of the assignment operator (=) 
