test/phase2/test/test_2_r03.out
Program (1)
  ExtDefList (1)
    ExtDef (1)
      Specifier (1)
        StructSpecifier (1)
          STRUCT
          ID: Student
          LC
          DefList (3)
            Def (3)
              Specifier (3)
                TYPE: int
              DecList (3)
                Dec (3)
                  VarDec (3)
                    ID: weight
              SEMI
            DefList (4)
              Def (4)
                Specifier (4)
                  TYPE: float
                DecList (4)
                  Dec (4)
                    VarDec (4)
                      ID: weight
                SEMI
          RC
      SEMI
    ExtDefList (6)
      ExtDef (6)
        Specifier (6)
          TYPE: int
        FunDec (6)
          ID: test_2_r07
          LP
          RP
        CompSt (7)
          LC
          DefList (8)
            Def (8)
              Specifier (8)
                StructSpecifier (8)
                  STRUCT
                  ID: Student
              DecList (8)
                Dec (8)
                  VarDec (8)
                    ID: amy
              SEMI
            DefList (9)
              Def (9)
                Specifier (9)
                  TYPE: int
                DecList (9)
                  Dec (9)
                    VarDec (9)
                      ID: age
                SEMI
              DefList (10)
                Def (10)
                  Specifier (10)
                    TYPE: float
                  DecList (10)
                    Dec (10)
                      VarDec (10)
                        ID: age
                  SEMI
          StmtList (11)
            Stmt (11)
              RETURN
              Exp (11)
                INT: 0
              SEMI
          RC
Error type 3 at Line 4: a variable is redefined in the same scope "weight".
Error type 3 at Line 4: a variable is redefined in the same scope "weight".
Error type 15 at Line 8: redefine the same structure type "Student".
Error type 3 at Line 9: a variable is redefined in the same scope "age".
Error type 3 at Line 10: a variable is redefined in the same scope "age".
Error type 3 at Line 10: a variable is redefined in the same scope "age".
