test/phase2/test/test_2_r14.out
Program (1)
  ExtDefList (1)
    ExtDef (1)
      Specifier (1)
        StructSpecifier (1)
          STRUCT
          ID: test
          LC
          DefList (3)
            Def (3)
              Specifier (3)
                TYPE: int
              DecList (3)
                Dec (3)
                  VarDec (3)
                    ID: a
              SEMI
            DefList (4)
              Def (4)
                Specifier (4)
                  TYPE: float
                DecList (4)
                  Dec (4)
                    VarDec (4)
                      ID: b
                SEMI
          RC
      SEMI
    ExtDefList (6)
      ExtDef (6)
        Specifier (6)
          TYPE: int
        FunDec (6)
          ID: test_2_r14
          LP
          RP
        CompSt (7)
          LC
          DefList (8)
            Def (8)
              Specifier (8)
                StructSpecifier (8)
                  STRUCT
                  ID: test
              DecList (8)
                Dec (8)
                  VarDec (8)
                    ID: t
              SEMI
          StmtList (9)
            Stmt (9)
              Exp (9)
                Exp (9)
                  Exp (9)
                    ID: t
                  DOT
                  ID: a
                ASSIGN
                Exp (9)
                  INT: 1
              SEMI
            StmtList (10)
              Stmt (10)
                Exp (10)
                  Exp (10)
                    Exp (10)
                      ID: t
                    DOT
                    ID: b
                  ASSIGN
                  Exp (10)
                    FLOAT: 20.000000
                SEMI
              StmtList (11)
                Stmt (11)
                  Exp (11)
                    Exp (11)
                      Exp (11)
                        ID: t
                      DOT
                      ID: c
                    ASSIGN
                    Exp (11)
                      Exp (11)
                        ID: t
                      DOT
                      ID: a
                  SEMI
                StmtList (12)
                  Stmt (12)
                    RETURN
                    Exp (12)
                      INT: 0
                    SEMI
          RC
Error type 3 at Line 4: a variable is redefined in the same scope "b".
Error type 15 at Line 8: redefine the same structure type "test".
Error type 5 at Line 10: unmatching types appear at both sides of the assignment operator (=) 
