test/phase2/test/test_2_r06.out
Program (1)
  ExtDefList (1)
    ExtDef (1)
      Specifier (1)
        StructSpecifier (1)
          STRUCT
          ID: Apple
          LC
          DefList (3)
            Def (3)
              Specifier (3)
                TYPE: int
              DecList (3)
                Dec (3)
                  VarDec (3)
                    ID: weight
              SEMI
            DefList (4)
              Def (4)
                Specifier (4)
                  TYPE: float
                DecList (4)
                  Dec (4)
                    VarDec (4)
                      ID: round
                SEMI
          RC
      SEMI
    ExtDefList (6)
      ExtDef (6)
        Specifier (6)
          TYPE: int
        FunDec (6)
          ID: test_2_r05
          LP
          RP
        CompSt (7)
          LC
          DefList (8)
            Def (8)
              Specifier (8)
                StructSpecifier (8)
                  STRUCT
                  ID: Apple
              DecList (8)
                Dec (8)
                  VarDec (8)
                    ID: aa
              SEMI
          StmtList (9)
            Stmt (9)
              Exp (9)
                Exp (9)
                  Exp (9)
                    ID: aa
                  DOT
                  ID: weight
                ASSIGN
                Exp (9)
                  FLOAT: 2.500000
              SEMI
            StmtList (10)
              Stmt (10)
                Exp (10)
                  Exp (10)
                    FLOAT: 1.100000
                  ASSIGN
                  Exp (10)
                    Exp (10)
                      ID: aa
                    DOT
                    ID: round
                SEMI
              StmtList (11)
                Stmt (11)
                  RETURN
                  Exp (11)
                    INT: 0
                  SEMI
          RC
Error type 3 at Line 4: a variable is redefined in the same scope "round".
Error type 15 at Line 8: redefine the same structure type "Apple".
Error type 5 at Line 9: unmatching types appear at both sides of the assignment operator (=) 
Error type 6 at Line 10: the left-hand side of an assignment must be a variable.
