Program (1)
  ExtDefList (1)
    ExtDef (1)
      Specifier (1)
        TYPE: int
      FunDec (1)
        ID: test_1_r10
        LP
        RP
      CompSt (2)
        LC
        StmtList (3)
          Stmt (3)
            Def (3)
              Specifier (3)
                TYPE: int
              DecList (3)
                Dec (3)
                  VarDec (3)
                    ID: a
                COMMA
                DecList (3)
                  Dec (3)
                    VarDec (3)
                      ID: b
                    ASSIGN
                    Exp (3)
                      INT: 1
              SEMI
          StmtList (4)
            Stmt (4)
              Exp (4)
                Exp (4)
                  ID: a
                ASSIGN
                Exp (4)
                  INT: 10
              SEMI
            StmtList (5)
              Stmt (5)
                Def (5)
                  Specifier (5)
                    TYPE: int
                  DecList (5)
                    Dec (5)
                      VarDec (5)
                        ID: i
                      ASSIGN
                      Exp (5)
                        INT: 0
                  SEMI
              StmtList (6)
                Stmt (6)
                  WHILE
                  LP
                  Exp (6)
                    Exp (6)
                      ID: i
                    LT
                    Exp (6)
                      ID: a
                  RP
                  Stmt (7)
                    CompSt (7)
                      LC
                      StmtList (8)
                        Stmt (8)
                          Exp (8)
                            Exp (8)
                              ID: b
                            ASSIGN
                            Exp (8)
                              Exp (8)
                                ID: b
                              PLUS
                              Exp (8)
                                ID: i
                          SEMI
                        StmtList (9)
                          Stmt (9)
                            Exp (9)
                              Exp (9)
                                ID: i
                              ASSIGN
                              Exp (9)
                                Exp (9)
                                  ID: i
                                PLUS
                                Exp (9)
                                  INT: 1
                            SEMI
                      RC
        RC
