Error type A at Line 4: unknown lexeme $
Error type B at Line 6: Missing semicolon ';' LOC1
Error type A at Line 8: unknown lexeme @
